// Jest Snapshot v1, https://goo.gl/fbAQLP

exports[`Header component Header component with default data 1`] = `
<div
  className="containerHeader"
>
  <div
    className="quantityDinner"
  >
    <div
      className="menuLogo"
      onClick={[MockFunction]}
    >
      <img
        height="12px"
        src={Object {}}
        width="18px"
      />
       
    </div>
    <div
      className="logo-container"
    >
      <img
        src={Object {}}
      />
    </div>
  </div>
  <div
    className="kpi"
  >
    <div
      className="kpicontent"
    >
      <div
        className="kpicontent--colorgrey kpicontent--size12"
      >
        Total Order Count
      </div>
      <div
        className="kpicontent--colorblack  kpicontent--size16"
      >
         0 Orders
      </div>
    </div>
    <div
      className="kpicontent"
    >
      <div
        className="kpicontent--colorgrey kpicontent--size12"
      >
        Total Order Value
      </div>
      <div
        className="kpicontent--colorblack  kpicontent--size16"
      >
        $0.00 
      </div>
    </div>
    <div
      className="kpicontent"
    >
      <div
        className="kpicontent--colorgrey kpicontent--size12"
      >
        Max Duration
      </div>
      <div
        className="kpicontent--colorblack  kpicontent--size16"
      >
         0 
      </div>
    </div>
  </div>
  <span
    className="budgetLoss"
    style={
      Object {
        "color": false,
        "visibility": "hidden",
      }
    }
  />
  <div
    className="distributionIcons"
  >
    <div
      className="fireIconContainer"
      onClick={[Function]}
      style={
        Object {
          "visibility": "hidden",
        }
      }
    >
      <img
        src={Object {}}
        style={
          Object {
            "height": "18px",
          }
        }
      />
    </div>
    <div
      className="fireIconContainer"
      onClick={[Function]}
    >
      <img
        src={Object {}}
        style={
          Object {
            "height": "18px",
          }
        }
      />
    </div>
    <div
      className="fireIconContainer"
      onClick={[Function]}
      onMouseDown={[MockFunction]}
    >
      <img
        src={Object {}}
        style={
          Object {
            "height": "18px",
          }
        }
      />
    </div>
    <select
      className="custom-select"
      id="header"
      name="header"
      onChange={[MockFunction]}
    >
      <option
        label="now"
        value="5 MINUTES AGO"
      />
      <option
        label="30 minutes"
        value="30 MINUTES AGO"
      />
      <option
        label="60 minutes"
        value="60 MINUTES AGO"
      />
      <option
        label="3 hours"
        value="3 HOURS AGO"
      />
      <option
        label="6 hours"
        value="6 HOURS AGO"
      />
      <option
        label="12 hours"
        value="12 HOURS AGO"
      />
      <option
        label="24 hours"
        value="24 HOURS AGO"
      />
      <option
        label="3 days"
        value="3 DAYS AGO"
      />
      <option
        label="7 days"
        value="7 DAYS AGO"
      />
    </select>
  </div>
</div>
`;

exports[`Header component Header component with emulate activeSixthSenseIcon 1`] = `
<div
  className="containerHeader"
>
  <div
    className="quantityDinner"
  >
    <div
      className="menuLogo"
      onClick={[MockFunction]}
    >
      <img
        height="12px"
        src={Object {}}
        width="18px"
      />
       
    </div>
    <div
      className="logo-container"
    >
      <img
        src="https://www.howdeniberia.com/wp-content/uploads/2018/05/Disney-logo-png-transparent-download.png"
      />
    </div>
  </div>
  <div
    className="kpi"
  >
    <div
      className="kpicontent"
    >
      <div
        className="kpicontent--colorgrey kpicontent--size12"
      >
        Total Order Count
      </div>
      <div
        className="kpicontent--colorblack  kpicontent--size16"
      >
         0 Orders
      </div>
    </div>
    <div
      className="kpicontent"
    >
      <div
        className="kpicontent--colorgrey kpicontent--size12"
      >
        Total Order Value
      </div>
      <div
        className="kpicontent--colorblack  kpicontent--size16"
      >
        $0.00 
      </div>
    </div>
    <div
      className="kpicontent"
    >
      <div
        className="kpicontent--colorgrey kpicontent--size12"
      >
        Max Duration
      </div>
      <div
        className="kpicontent--colorblack  kpicontent--size16"
      >
         0 
      </div>
    </div>
  </div>
  <span
    className="budgetLoss"
    style={
      Object {
        "color": false,
        "visibility": "hidden",
      }
    }
  />
  <div
    className="distributionIcons"
  >
    <div
      className="fireIconContainer"
      onClick={[Function]}
      style={
        Object {
          "visibility": "hidden",
        }
      }
    >
      <img
        src={Object {}}
        style={
          Object {
            "height": "18px",
          }
        }
      />
    </div>
    <div
      className="fireIconContainer"
      onClick={[Function]}
    >
      <img
        src={Object {}}
        style={
          Object {
            "height": "18px",
          }
        }
      />
    </div>
    <div
      className="fireIconContainer"
      onClick={[Function]}
      onMouseDown={[MockFunction]}
    >
      <img
        src={Object {}}
        style={
          Object {
            "height": "18px",
          }
        }
      />
    </div>
    <select
      className="custom-select"
      id="header"
      name="header"
      onChange={[MockFunction]}
    >
      <option
        label="now"
        value="5 MINUTES AGO"
      />
      <option
        label="30 minutes"
        value="30 MINUTES AGO"
      />
      <option
        label="60 minutes"
        value="60 MINUTES AGO"
      />
      <option
        label="3 hours"
        value="3 HOURS AGO"
      />
      <option
        label="6 hours"
        value="6 HOURS AGO"
      />
      <option
        label="12 hours"
        value="12 HOURS AGO"
      />
      <option
        label="24 hours"
        value="24 HOURS AGO"
      />
      <option
        label="3 days"
        value="3 DAYS AGO"
      />
      <option
        label="7 days"
        value="7 DAYS AGO"
      />
    </select>
  </div>
</div>
`;

exports[`Header component Header component with iconCanaryStatus 1`] = `
<div
  className="containerHeader"
>
  <div
    className="quantityDinner"
  >
    <div
      className="menuLogo"
      onClick={[MockFunction]}
    >
      <img
        height="12px"
        src={Object {}}
        width="18px"
      />
       
    </div>
    <div
      className="logo-container"
    >
      <img
        src={Object {}}
      />
    </div>
  </div>
  <div
    className="kpi"
  >
    <div
      className="kpicontent"
    >
      <div
        className="kpicontent--colorgrey kpicontent--size12"
      >
        Total Order Count
      </div>
      <div
        className="kpicontent--colorblack  kpicontent--size16"
      >
         0 Orders
      </div>
    </div>
    <div
      className="kpicontent"
    >
      <div
        className="kpicontent--colorgrey kpicontent--size12"
      >
        Total Order Value
      </div>
      <div
        className="kpicontent--colorblack  kpicontent--size16"
      >
        $0.00 
      </div>
    </div>
    <div
      className="kpicontent"
    >
      <div
        className="kpicontent--colorgrey kpicontent--size12"
      >
        Max Duration
      </div>
      <div
        className="kpicontent--colorblack  kpicontent--size16"
      >
         0 
      </div>
    </div>
  </div>
  <span
    className="budgetLoss"
    style={
      Object {
        "color": false,
        "visibility": "hidden",
      }
    }
  />
  <div
    className="distributionIcons"
  >
    <div
      className="fireIconContainer"
      onClick={[Function]}
      style={
        Object {
          "visibility": "hidden",
        }
      }
    >
      <img
        src={Object {}}
        style={
          Object {
            "height": "18px",
          }
        }
      />
    </div>
    <div
      className="fireIconContainer"
      onClick={[Function]}
    >
      <img
        src={Object {}}
        style={
          Object {
            "height": "18px",
          }
        }
      />
    </div>
    <div
      className="fireIconContainer"
      onClick={[Function]}
      onMouseDown={[MockFunction]}
    >
      <img
        src={Object {}}
        style={
          Object {
            "height": "18px",
          }
        }
      />
    </div>
    <select
      className="custom-select"
      id="header"
      name="header"
      onChange={[MockFunction]}
    >
      <option
        label="now"
        value="5 MINUTES AGO"
      />
      <option
        label="30 minutes"
        value="30 MINUTES AGO"
      />
      <option
        label="60 minutes"
        value="60 MINUTES AGO"
      />
      <option
        label="3 hours"
        value="3 HOURS AGO"
      />
      <option
        label="6 hours"
        value="6 HOURS AGO"
      />
      <option
        label="12 hours"
        value="12 HOURS AGO"
      />
      <option
        label="24 hours"
        value="24 HOURS AGO"
      />
      <option
        label="3 days"
        value="3 DAYS AGO"
      />
      <option
        label="7 days"
        value="7 DAYS AGO"
      />
    </select>
  </div>
</div>
`;

exports[`Header component Header component with iconFireStatus 1`] = `
<div
  className="containerHeader"
>
  <div
    className="quantityDinner"
  >
    <div
      className="menuLogo"
      onClick={[MockFunction]}
    >
      <img
        height="12px"
        src={Object {}}
        width="18px"
      />
       
    </div>
    <div
      className="logo-container"
    >
      <img
        src={Object {}}
      />
    </div>
  </div>
  <div
    className="kpi"
  >
    <div
      className="kpicontent"
    >
      <div
        className="kpicontent--colorgrey kpicontent--size12"
      >
        Total Order Count
      </div>
      <div
        className="kpicontent--colorblack  kpicontent--size16"
      >
         0 Orders
      </div>
    </div>
    <div
      className="kpicontent"
    >
      <div
        className="kpicontent--colorgrey kpicontent--size12"
      >
        Total Order Value
      </div>
      <div
        className="kpicontent--colorblack  kpicontent--size16"
      >
        $0.00 
      </div>
    </div>
    <div
      className="kpicontent"
    >
      <div
        className="kpicontent--colorgrey kpicontent--size12"
      >
        Max Duration
      </div>
      <div
        className="kpicontent--colorblack  kpicontent--size16"
      >
         0 
      </div>
    </div>
  </div>
  <span
    className="budgetLoss"
    style={
      Object {
        "color": "red",
        "visibility": "visible",
      }
    }
  />
  <div
    className="distributionIcons"
  >
    <div
      className="fireIconContainer"
      onClick={[Function]}
      style={
        Object {
          "visibility": "hidden",
        }
      }
    >
      <img
        src={Object {}}
        style={
          Object {
            "height": "18px",
          }
        }
      />
    </div>
    <div
      className="fireIconContainer"
      onClick={[Function]}
    >
      <img
        src={Object {}}
        style={
          Object {
            "height": "18px",
          }
        }
      />
    </div>
    <div
      className="fireIconContainer"
      onClick={[Function]}
      onMouseDown={[MockFunction]}
    >
      <img
        src={Object {}}
        style={
          Object {
            "height": "18px",
          }
        }
      />
    </div>
    <select
      className="custom-select"
      id="header"
      name="header"
      onChange={[MockFunction]}
    >
      <option
        label="now"
        value="5 MINUTES AGO"
      />
      <option
        label="30 minutes"
        value="30 MINUTES AGO"
      />
      <option
        label="60 minutes"
        value="60 MINUTES AGO"
      />
      <option
        label="3 hours"
        value="3 HOURS AGO"
      />
      <option
        label="6 hours"
        value="6 HOURS AGO"
      />
      <option
        label="12 hours"
        value="12 HOURS AGO"
      />
      <option
        label="24 hours"
        value="24 HOURS AGO"
      />
      <option
        label="3 days"
        value="3 DAYS AGO"
      />
      <option
        label="7 days"
        value="7 DAYS AGO"
      />
    </select>
  </div>
</div>
`;

exports[`Header component Header component with iconGoutStatus 1`] = `
<div
  className="containerHeader"
>
  <div
    className="quantityDinner"
  >
    <div
      className="menuLogo"
      onClick={[MockFunction]}
    >
      <img
        height="12px"
        src={Object {}}
        width="18px"
      />
       
    </div>
    <div
      className="logo-container"
    >
      <img
        src={Object {}}
      />
    </div>
  </div>
  <div
    className="kpi"
  >
    <div
      className="kpicontent"
    >
      <div
        className="kpicontent--colorgrey kpicontent--size12"
      >
        Total Order Count
      </div>
      <div
        className="kpicontent--colorblack  kpicontent--size16"
      >
         0 Orders
      </div>
    </div>
    <div
      className="kpicontent"
    >
      <div
        className="kpicontent--colorgrey kpicontent--size12"
      >
        Total Order Value
      </div>
      <div
        className="kpicontent--colorblack  kpicontent--size16"
      >
        $0.00 
      </div>
    </div>
    <div
      className="kpicontent"
    >
      <div
        className="kpicontent--colorgrey kpicontent--size12"
      >
        Max Duration
      </div>
      <div
        className="kpicontent--colorblack  kpicontent--size16"
      >
         0 
      </div>
    </div>
  </div>
  <span
    className="budgetLoss"
    style={
      Object {
        "color": false,
        "visibility": "visible",
      }
    }
  />
  <div
    className="distributionIcons"
  >
    <div
      className="fireIconContainer"
      onClick={[Function]}
      style={
        Object {
          "visibility": "hidden",
        }
      }
    >
      <img
        src={Object {}}
        style={
          Object {
            "height": "18px",
          }
        }
      />
    </div>
    <div
      className="fireIconContainer"
      onClick={[Function]}
    >
      <img
        src={Object {}}
        style={
          Object {
            "height": "18px",
          }
        }
      />
    </div>
    <div
      className="fireIconContainer"
      onClick={[Function]}
      onMouseDown={[MockFunction]}
    >
      <img
        src={Object {}}
        style={
          Object {
            "height": "18px",
          }
        }
      />
    </div>
    <select
      className="custom-select"
      id="header"
      name="header"
      onChange={[MockFunction]}
    >
      <option
        label="now"
        value="5 MINUTES AGO"
      />
      <option
        label="30 minutes"
        value="30 MINUTES AGO"
      />
      <option
        label="60 minutes"
        value="60 MINUTES AGO"
      />
      <option
        label="3 hours"
        value="3 HOURS AGO"
      />
      <option
        label="6 hours"
        value="6 HOURS AGO"
      />
      <option
        label="12 hours"
        value="12 HOURS AGO"
      />
      <option
        label="24 hours"
        value="24 HOURS AGO"
      />
      <option
        label="3 days"
        value="3 DAYS AGO"
      />
      <option
        label="7 days"
        value="7 DAYS AGO"
      />
    </select>
  </div>
</div>
`;

exports[`Header component Header component with iconSixthSenseStatus 1`] = `
<div
  className="containerHeader"
>
  <div
    className="quantityDinner"
  >
    <div
      className="menuLogo"
      onClick={[MockFunction]}
    >
      <img
        height="12px"
        src={Object {}}
        width="18px"
      />
       
    </div>
    <div
      className="logo-container"
    >
      <img
        src={Object {}}
      />
    </div>
  </div>
  <div
    className="kpi"
  >
    <div
      className="kpicontent"
    >
      <div
        className="kpicontent--colorgrey kpicontent--size12"
      >
        Total Order Count
      </div>
      <div
        className="kpicontent--colorblack  kpicontent--size16"
      >
         0 Orders
      </div>
    </div>
    <div
      className="kpicontent"
    >
      <div
        className="kpicontent--colorgrey kpicontent--size12"
      >
        Total Order Value
      </div>
      <div
        className="kpicontent--colorblack  kpicontent--size16"
      >
        $0.00 
      </div>
    </div>
    <div
      className="kpicontent"
    >
      <div
        className="kpicontent--colorgrey kpicontent--size12"
      >
        Max Duration
      </div>
      <div
        className="kpicontent--colorblack  kpicontent--size16"
      >
         0 
      </div>
    </div>
  </div>
  <span
    className="budgetLoss"
    style={
      Object {
        "color": false,
        "visibility": "hidden",
      }
    }
  />
  <div
    className="distributionIcons"
  >
    <div
      className="fireIconContainer"
      onClick={[Function]}
      style={
        Object {
          "visibility": "hidden",
        }
      }
    >
      <img
        src={Object {}}
        style={
          Object {
            "height": "18px",
          }
        }
      />
    </div>
    <div
      className="fireIconContainer"
      onClick={[Function]}
    >
      <img
        src={Object {}}
        style={
          Object {
            "height": "18px",
          }
        }
      />
    </div>
    <div
      className="fireIconContainer"
      onClick={[Function]}
      onMouseDown={[MockFunction]}
    >
      <img
        src={Object {}}
        style={
          Object {
            "height": "18px",
          }
        }
      />
    </div>
    <select
      className="custom-select"
      id="header"
      name="header"
      onChange={[MockFunction]}
    >
      <option
        label="now"
        value="5 MINUTES AGO"
      />
      <option
        label="30 minutes"
        value="30 MINUTES AGO"
      />
      <option
        label="60 minutes"
        value="60 MINUTES AGO"
      />
      <option
        label="3 hours"
        value="3 HOURS AGO"
      />
      <option
        label="6 hours"
        value="6 HOURS AGO"
      />
      <option
        label="12 hours"
        value="12 HOURS AGO"
      />
      <option
        label="24 hours"
        value="24 HOURS AGO"
      />
      <option
        label="3 days"
        value="3 DAYS AGO"
      />
      <option
        label="7 days"
        value="7 DAYS AGO"
      />
    </select>
  </div>
</div>
`;

exports[`Header component Header component with iconStartStatus 1`] = `
<div
  className="containerHeader"
>
  <div
    className="quantityDinner"
  >
    <div
      className="menuLogo"
      onClick={[MockFunction]}
    >
      <img
        height="12px"
        src={Object {}}
        width="18px"
      />
       
    </div>
    <div
      className="logo-container"
    >
      <img
        src={Object {}}
      />
    </div>
  </div>
  <div
    className="kpi"
  >
    <div
      className="kpicontent"
    >
      <div
        className="kpicontent--colorgrey kpicontent--size12"
      >
        Total Order Count
      </div>
      <div
        className="kpicontent--colorblack  kpicontent--size16"
      >
         0 Orders
      </div>
    </div>
    <div
      className="kpicontent"
    >
      <div
        className="kpicontent--colorgrey kpicontent--size12"
      >
        Total Order Value
      </div>
      <div
        className="kpicontent--colorblack  kpicontent--size16"
      >
        $0.00 
      </div>
    </div>
    <div
      className="kpicontent"
    >
      <div
        className="kpicontent--colorgrey kpicontent--size12"
      >
        Max Duration
      </div>
      <div
        className="kpicontent--colorblack  kpicontent--size16"
      >
         0 
      </div>
    </div>
  </div>
  <span
    className="budgetLoss"
    style={
      Object {
        "color": false,
        "visibility": "visible",
      }
    }
  />
  <div
    className="distributionIcons"
  >
    <div
      className="fireIconContainer"
      onClick={[Function]}
      style={
        Object {
          "visibility": "hidden",
        }
      }
    >
      <img
        src={Object {}}
        style={
          Object {
            "height": "18px",
          }
        }
      />
    </div>
    <div
      className="fireIconContainer"
      onClick={[Function]}
    >
      <img
        src={Object {}}
        style={
          Object {
            "height": "18px",
          }
        }
      />
    </div>
    <div
      className="fireIconContainer"
      onClick={[Function]}
      onMouseDown={[MockFunction]}
    >
      <img
        src={Object {}}
        style={
          Object {
            "height": "18px",
          }
        }
      />
    </div>
    <select
      className="custom-select"
      id="header"
      name="header"
      onChange={[MockFunction]}
    >
      <option
        label="now"
        value="5 MINUTES AGO"
      />
      <option
        label="30 minutes"
        value="30 MINUTES AGO"
      />
      <option
        label="60 minutes"
        value="60 MINUTES AGO"
      />
      <option
        label="3 hours"
        value="3 HOURS AGO"
      />
      <option
        label="6 hours"
        value="6 HOURS AGO"
      />
      <option
        label="12 hours"
        value="12 HOURS AGO"
      />
      <option
        label="24 hours"
        value="24 HOURS AGO"
      />
      <option
        label="3 days"
        value="3 DAYS AGO"
      />
      <option
        label="7 days"
        value="7 DAYS AGO"
      />
    </select>
  </div>
</div>
`;

exports[`Header component Header component with logoSetup Text 1`] = `
<div
  className="containerHeader"
>
  <div
    className="quantityDinner"
  >
    <div
      className="menuLogo"
      onClick={[MockFunction]}
    >
      <img
        height="12px"
        src={Object {}}
        width="18px"
      />
       
    </div>
    <div
      className="logo-text-container"
    >
      <p>
        Logo Text
      </p>
    </div>
  </div>
  <div
    className="kpi"
  >
    <div
      className="kpicontent"
    >
      <div
        className="kpicontent--colorgrey kpicontent--size12"
      >
        Total Order Count
      </div>
      <div
        className="kpicontent--colorblack  kpicontent--size16"
      >
         0 Orders
      </div>
    </div>
    <div
      className="kpicontent"
    >
      <div
        className="kpicontent--colorgrey kpicontent--size12"
      >
        Total Order Value
      </div>
      <div
        className="kpicontent--colorblack  kpicontent--size16"
      >
        $0.00 
      </div>
    </div>
    <div
      className="kpicontent"
    >
      <div
        className="kpicontent--colorgrey kpicontent--size12"
      >
        Max Duration
      </div>
      <div
        className="kpicontent--colorblack  kpicontent--size16"
      >
         0 
      </div>
    </div>
  </div>
  <span
    className="budgetLoss"
    style={
      Object {
        "color": false,
        "visibility": "hidden",
      }
    }
  />
  <div
    className="distributionIcons"
  >
    <div
      className="fireIconContainer"
      onClick={[Function]}
      style={
        Object {
          "visibility": "hidden",
        }
      }
    >
      <img
        src={Object {}}
        style={
          Object {
            "height": "18px",
          }
        }
      />
    </div>
    <div
      className="fireIconContainer"
      onClick={[Function]}
    >
      <img
        src={Object {}}
        style={
          Object {
            "height": "18px",
          }
        }
      />
    </div>
    <div
      className="fireIconContainer"
      onClick={[Function]}
      onMouseDown={[MockFunction]}
    >
      <img
        src={Object {}}
        style={
          Object {
            "height": "18px",
          }
        }
      />
    </div>
    <select
      className="custom-select"
      id="header"
      name="header"
      onChange={[MockFunction]}
    >
      <option
        label="now"
        value="5 MINUTES AGO"
      />
      <option
        label="30 minutes"
        value="30 MINUTES AGO"
      />
      <option
        label="60 minutes"
        value="60 MINUTES AGO"
      />
      <option
        label="3 hours"
        value="3 HOURS AGO"
      />
      <option
        label="6 hours"
        value="6 HOURS AGO"
      />
      <option
        label="12 hours"
        value="12 HOURS AGO"
      />
      <option
        label="24 hours"
        value="24 HOURS AGO"
      />
      <option
        label="3 days"
        value="3 DAYS AGO"
      />
      <option
        label="7 days"
        value="7 DAYS AGO"
      />
    </select>
  </div>
</div>
`;

exports[`Header component Header component with logoSetup URL 1`] = `
<div
  className="containerHeader"
>
  <div
    className="quantityDinner"
  >
    <div
      className="menuLogo"
      onClick={[MockFunction]}
    >
      <img
        height="12px"
        src={Object {}}
        width="18px"
      />
       
    </div>
    <div
      className="logo-container"
    >
      <img
        src="https://www.howdeniberia.com/wp-content/uploads/2018/05/Disney-logo-png-transparent-download.png"
      />
    </div>
  </div>
  <div
    className="kpi"
  >
    <div
      className="kpicontent"
    >
      <div
        className="kpicontent--colorgrey kpicontent--size12"
      >
        Total Order Count
      </div>
      <div
        className="kpicontent--colorblack  kpicontent--size16"
      >
         0 Orders
      </div>
    </div>
    <div
      className="kpicontent"
    >
      <div
        className="kpicontent--colorgrey kpicontent--size12"
      >
        Total Order Value
      </div>
      <div
        className="kpicontent--colorblack  kpicontent--size16"
      >
        $0.00 
      </div>
    </div>
    <div
      className="kpicontent"
    >
      <div
        className="kpicontent--colorgrey kpicontent--size12"
      >
        Max Duration
      </div>
      <div
        className="kpicontent--colorblack  kpicontent--size16"
      >
         0 
      </div>
    </div>
  </div>
  <span
    className="budgetLoss"
    style={
      Object {
        "color": false,
        "visibility": "hidden",
      }
    }
  />
  <div
    className="distributionIcons"
  >
    <div
      className="fireIconContainer"
      onClick={[Function]}
      style={
        Object {
          "visibility": "hidden",
        }
      }
    >
      <img
        src={Object {}}
        style={
          Object {
            "height": "18px",
          }
        }
      />
    </div>
    <div
      className="fireIconContainer"
      onClick={[Function]}
    >
      <img
        src={Object {}}
        style={
          Object {
            "height": "18px",
          }
        }
      />
    </div>
    <div
      className="fireIconContainer"
      onClick={[Function]}
      onMouseDown={[MockFunction]}
    >
      <img
        src={Object {}}
        style={
          Object {
            "height": "18px",
          }
        }
      />
    </div>
    <select
      className="custom-select"
      id="header"
      name="header"
      onChange={[MockFunction]}
    >
      <option
        label="now"
        value="5 MINUTES AGO"
      />
      <option
        label="30 minutes"
        value="30 MINUTES AGO"
      />
      <option
        label="60 minutes"
        value="60 MINUTES AGO"
      />
      <option
        label="3 hours"
        value="3 HOURS AGO"
      />
      <option
        label="6 hours"
        value="6 HOURS AGO"
      />
      <option
        label="12 hours"
        value="12 HOURS AGO"
      />
      <option
        label="24 hours"
        value="24 HOURS AGO"
      />
      <option
        label="3 days"
        value="3 DAYS AGO"
      />
      <option
        label="7 days"
        value="7 DAYS AGO"
      />
    </select>
  </div>
</div>
`;

exports[`Header component Header component with showLeftPanel 1`] = `
<div
  className="containerHeader"
>
  <div
    className="quantityDinner"
  >
    <div
      className="menuLogo"
      onClick={[MockFunction]}
    >
      <img
        height="12px"
        src={Object {}}
        width="18px"
      />
       
    </div>
    <div
      className="logo-container"
    >
      <img
        src={Object {}}
      />
    </div>
  </div>
  <div
    className="kpi"
  >
    <div
      className="kpicontent"
    >
      <div
        className="kpicontent--colorgrey kpicontent--size12"
      >
        Total Order Count
      </div>
      <div
        className="kpicontent--colorblack  kpicontent--size16"
      >
         0 Orders
      </div>
    </div>
    <div
      className="kpicontent"
    >
      <div
        className="kpicontent--colorgrey kpicontent--size12"
      >
        Total Order Value
      </div>
      <div
        className="kpicontent--colorblack  kpicontent--size16"
      >
        $0.00 
      </div>
    </div>
    <div
      className="kpicontent"
    >
      <div
        className="kpicontent--colorgrey kpicontent--size12"
      >
        Max Duration
      </div>
      <div
        className="kpicontent--colorblack  kpicontent--size16"
      >
         0 
      </div>
    </div>
  </div>
  <span
    className="budgetLoss"
    style={
      Object {
        "color": false,
        "visibility": "hidden",
      }
    }
  />
  <div
    className="distributionIcons"
  >
    <div
      className="fireIconContainer"
      onClick={[Function]}
      style={
        Object {
          "visibility": "hidden",
        }
      }
    >
      <img
        src={Object {}}
        style={
          Object {
            "height": "18px",
          }
        }
      />
    </div>
    <div
      className="fireIconContainer"
      onClick={[Function]}
    >
      <img
        src={Object {}}
        style={
          Object {
            "height": "18px",
          }
        }
      />
    </div>
    <div
      className="fireIconContainer"
      onClick={[Function]}
      onMouseDown={[MockFunction]}
    >
      <img
        src={Object {}}
        style={
          Object {
            "height": "18px",
          }
        }
      />
    </div>
    <select
      className="custom-select"
      id="header"
      name="header"
      onChange={[MockFunction]}
    >
      <option
        label="now"
        value="5 MINUTES AGO"
      />
      <option
        label="30 minutes"
        value="30 MINUTES AGO"
      />
      <option
        label="60 minutes"
        value="60 MINUTES AGO"
      />
      <option
        label="3 hours"
        value="3 HOURS AGO"
      />
      <option
        label="6 hours"
        value="6 HOURS AGO"
      />
      <option
        label="12 hours"
        value="12 HOURS AGO"
      />
      <option
        label="24 hours"
        value="24 HOURS AGO"
      />
      <option
        label="3 days"
        value="3 DAYS AGO"
      />
      <option
        label="7 days"
        value="7 DAYS AGO"
      />
    </select>
  </div>
</div>
`;
