// Jest Snapshot v1, https://goo.gl/fbAQLP

exports[`BackgroundProcessesFormModal component Render body with default data 1`] = `
<div
  style={
    Object {
      "display": "grid",
      "gridTemplate": "55% 30% / 1fr",
      "height": "200px",
      "paddingTop": "20px",
      "width": "400px",
    }
  }
>
  <div
    className="modal4content"
    style={
      Object {
        "textAlign": "justify",
      }
    }
  >
    <p>
      You will need to update the script to contain your key information. You may also make customizations to the script as needed, but remember any updates will not be maintained by Pathpoint.
    </p>
  </div>
  <div
    style={
      Object {
        "alignItems": "flex-start",
        "display": "flex",
        "flexDirection": "column",
        "justifyContent": "space-evenly",
        "paddingLeft": "15px",
        "paddingRight": "15px",
      }
    }
  >
    <div>
      <img
        height="15"
        src="SvgrURL"
        width="24"
      />
      <a
        className="downloadLink"
        href="#"
        onClick={[Function]}
        style={
          Object {
            "cursor": "pointer",
          }
        }
      >
        Fire filter
      </a>
    </div>
  </div>
</div>
`;

exports[`BackgroundProcessesFormModal component Render header with default data 1`] = `
<div
  style={
    Object {
      "display": "flex",
    }
  }
>
  <div
    className="titleModal"
  >
    <img
      src="SvgrURL"
      width="18"
    />
     Setup: Background Processes
  </div>
</div>
`;
