// Jest Snapshot v1, https://goo.gl/fbAQLP

exports[`JsonConfigurationFormModal component Render body with default data 1`] = `
<div>
  <div>
    <div
      style={
        Object {
          "display": "grid",
          "gridTemplate": "85% 10% / 1fr",
          "height": "300px",
          "paddingTop": "20px",
          "width": "350px",
        }
      }
    >
      <div
        className="modal4content"
        style={
          Object {
            "textAlign": "justify",
          }
        }
      >
        <p>
          Pathpoint is designed to be customized by the customer.  This is done through a JSON configuration file.  (See our main documentation for a detailed description of the file structure.)
        </p>
        <ol
          style={
            Object {
              "paddingLeft": "15px",
            }
          }
          type="1"
        >
          <li>
            Download the existing configuration
          </li>
          <li>
            Modify it
          </li>
          <li>
            Upload & Update it
          </li>
        </ol>
        <p>
          This will allow you to keep your JSON configuration in a version control system for save keeping.
        </p>
      </div>
    </div>
  </div>
</div>
`;

exports[`JsonConfigurationFormModal component Render header with default data 1`] = `
<div
  style={
    Object {
      "display": "flex",
      "width": "100%",
    }
  }
>
  <div
    className="titleModal"
    style={
      Object {
        "width": "50%",
      }
    }
  >
    <img
      src={Object {}}
      width="18"
    />
     Json Config.
  </div>
  <div
    className="container_header_icons"
  >
    <div
      onClick={[Function]}
      style={
        Object {
          "marginLeft": "20px",
        }
      }
    >
      <img
        src={Object {}}
        width="16"
      />
    </div>
    <div
      onClick={[Function]}
      style={
        Object {
          "marginLeft": "20px",
        }
      }
    >
      <label
        className="update"
      >
        Update
      </label>
    </div>
    <div
      onClick={[Function]}
      style={
        Object {
          "marginLeft": "20px",
        }
      }
    >
      <img
        src={Object {}}
        width="16"
      />
    </div>
    <div
      onClick={[Function]}
      style={
        Object {
          "marginLeft": "20px",
        }
      }
    >
      <img
        src={Object {}}
        width="16"
      />
    </div>
  </div>
</div>
`;
