// Jest Snapshot v1, https://goo.gl/fbAQLP

exports[`JsonConfigurationFormModal component Render body with default data 1`] = `
<div
  style={
    Object {
      "width": "400px",
    }
  }
>
  <div>
    <div
      style={
        Object {
          "marginBottom": "20px",
        }
      }
    >
      <label>
        Description: 
      </label>
      <input
        className="text-input-custom"
        maxLength={64}
        onChange={[Function]}
        type="text"
      />
    </div>
    <div>
      <label>
        Note: 
      </label>
      <textarea
        className="text-input-custom"
        onChange={[Function]}
        rows="5"
        type="text"
      />
    </div>
    <div
      style={
        Object {
          "marginTop": "10px",
        }
      }
    >
      <p>
        User:
        <strong>
           PathPoint
        </strong>
      </p>
    </div>
  </div>
  <div
    id="upload-file-submit"
    style={
      Object {
        "display": "flex",
        "justifyContent": "center",
        "marginTop": "30px",
      }
    }
  >
    <button
      className="btn btn-default"
      color="primary"
      disabled={true}
      onClick={[Function]}
      style={
        Object {
          "background": "#0178bf",
          "color": "white",
          "marginRight": "20px",
        }
      }
      type="submit"
      variant="contained"
    >
      <img
        src={Object {}}
        style={
          Object {
            "height": "auto",
            "marginRight": "4px",
            "width": "16px",
          }
        }
      />
      From File
    </button>
    <div
      style={
        Object {
          "position": "relative",
        }
      }
    >
      <button
        className="btn btn-default"
        color="primary"
        disabled={false}
        onClick={[MockFunction]}
        style={
          Object {
            "background": "#0178bf",
            "color": "white",
          }
        }
        type="button"
        variant="contained"
      >
        <img
          src={Object {}}
          style={
            Object {
              "marginRight": "4px",
            }
          }
        />
        From History
      </button>
    </div>
  </div>
  <input
    accept=".json"
    id="file-upload"
    onChange={[Function]}
    style={
      Object {
        "display": "none",
      }
    }
    type="file"
  />
</div>
`;

exports[`JsonConfigurationFormModal component Render header with default data 1`] = `
<div
  style={
    Object {
      "display": "flex",
      "width": "100%",
    }
  }
>
  <div
    className="titleModal"
    style={
      Object {
        "width": "50%",
      }
    }
  >
    <img
      src={Object {}}
      width="18"
    />
     Json Config.
    <img
      onClick={[Function]}
      src={Object {}}
      style={
        Object {
          "cursor": "pointer",
          "marginLeft": "10px",
        }
      }
    />
  </div>
  <div
    className="container_header_icons"
  >
    <div
      onClick={[Function]}
      style={
        Object {
          "cursor": "pointer",
          "height": "25px",
          "marginLeft": "20px",
          "position": "relative",
          "width": "25px",
        }
      }
    >
      <svg
        fill="#017C86"
        focusable="false"
        height="20"
        role="img"
        style={
          Object {
            "height": "100%",
            "left": "0px",
            "position": "absolute",
            "top": "0px",
            "width": "100%",
          }
        }
        viewBox="0 0 20 20"
        width="20"
        xmlns="http://www.w3.org/2000/svg"
      >
        <path
          d="M11.4 8.4l-.8-.8L8 10.3V1H7v9.3L4.4 7.6l-.8.8 3.9 3.8z"
        />
        <path
          d="M13 10v4H2v-4H1v5h13v-5z"
        />
      </svg>
      <div
        style={
          Object {
            "left": "0px",
            "position": "absolute",
            "top": "-1000px",
          }
        }
      >
        <a
          className="downloadLink"
          href="#"
          onClick={[Function]}
          style={
            Object {
              "cursor": "pointer",
            }
          }
        >
          Pathpoint_Json_v1.5
        </a>
      </div>
    </div>
  </div>
</div>
`;
