// Jest Snapshot v1, https://goo.gl/fbAQLP

exports[`LogoFormModal component Render body with default data 1`] = `
<div
  style={
    Object {
      "width": "350px",
    }
  }
>
  <div
    className="modal4content space form-parent-container"
  >
    <form
      className=""
      onSubmit={[Function]}
    >
      <div
        className="form-group"
      >
        <div
          className=" css-dyr6gj-container"
          onKeyDown={[Function]}
        >
          <div
            className="react-selectLogoOption__control css-1g85jyj-control"
            onMouseDown={[Function]}
            onTouchEnd={[Function]}
          >
            <div
              className="react-selectLogoOption__value-container react-selectLogoOption__value-container--has-value css-g1d714-ValueContainer"
            >
              <div
                className="react-selectLogoOption__single-value css-1uccc91-singleValue"
              >
                By URL
              </div>
              <div
                className="css-b8ldur-Input"
              >
                <div
                  className="react-selectLogoOption__input"
                  style={
                    Object {
                      "display": "inline-block",
                    }
                  }
                >
                  <input
                    aria-autocomplete="list"
                    autoCapitalize="none"
                    autoComplete="off"
                    autoCorrect="off"
                    disabled={false}
                    id="react-select-2-input"
                    onBlur={[Function]}
                    onChange={[Function]}
                    onFocus={[Function]}
                    spellCheck="false"
                    style={
                      Object {
                        "background": 0,
                        "border": 0,
                        "boxSizing": "content-box",
                        "color": "inherit",
                        "fontSize": "inherit",
                        "label": "input",
                        "opacity": 1,
                        "outline": 0,
                        "padding": 0,
                        "width": "1px",
                      }
                    }
                    tabIndex="0"
                    type="text"
                    value=""
                  />
                  <div
                    style={
                      Object {
                        "height": 0,
                        "left": 0,
                        "overflow": "scroll",
                        "position": "absolute",
                        "top": 0,
                        "visibility": "hidden",
                        "whiteSpace": "pre",
                      }
                    }
                  >
                    
                  </div>
                </div>
              </div>
            </div>
            <div
              className="react-selectLogoOption__indicators css-1bnhd7t-IndicatorsContainer"
            >
              <span
                className="react-selectLogoOption__indicator-separator css-1okebmr-indicatorSeparator"
              />
              <div
                aria-hidden="true"
                className="react-selectLogoOption__indicator react-selectLogoOption__dropdown-indicator css-tlfecz-indicatorContainer"
                onMouseDown={[Function]}
                onTouchEnd={[Function]}
              >
                <svg
                  aria-hidden="true"
                  className="css-6q0nyr-Svg"
                  focusable="false"
                  height={20}
                  viewBox="0 0 20 20"
                  width={20}
                >
                  <path
                    d="M4.516 7.548c0.436-0.446 1.043-0.481 1.576 0l3.908 3.747 3.908-3.747c0.533-0.481 1.141-0.446 1.574 0 0.436 0.445 0.408 1.197 0 1.615-0.406 0.418-4.695 4.502-4.695 4.502-0.217 0.223-0.502 0.335-0.787 0.335s-0.57-0.112-0.789-0.335c0 0-4.287-4.084-4.695-4.502s-0.436-1.17 0-1.615z"
                  />
                </svg>
              </div>
            </div>
          </div>
          <input
            name="type"
            type="hidden"
            value="url"
          />
        </div>
      </div>
      <div
        style={
          Object {
            "marginTop": "6px",
          }
        }
      >
        <span
          style={
            Object {
              "color": "#BDBDBD",
            }
          }
        >
          Dimensions 45 x 27
        </span>
        <div
          className="form-group"
        >
          <input
            className="support-modal-input-text"
            id="formUrl"
            name="url"
            onChange={[Function]}
            placeholder="Enter URL"
            required={true}
            type="text"
          />
        </div>
      </div>
      <div
        style={
          Object {
            "display": "flex",
            "justifyContent": "flex-end",
            "marginTop": "20px",
          }
        }
      >
        <button
          className="btn btn-default"
          color="primary"
          disabled={false}
          style={
            Object {
              "background": "#0178bf",
              "color": "white",
              "marginTop": "15px",
              "width": "45%",
            }
          }
          type="submit"
          variant="contained"
        >
          Save Update
        </button>
      </div>
    </form>
  </div>
</div>
`;

exports[`LogoFormModal component Render header with default data 1`] = `
<div
  style={
    Object {
      "display": "flex",
    }
  }
>
  <div
    className="titleModal"
  >
    <img
      height="18"
      src={Object {}}
    />
     Logo
  </div>
</div>
`;
