// Jest Snapshot v1, https://goo.gl/fbAQLP

exports[`ShowBody component ShowBody with default data in 0 view 1`] = `
<div
  style={
    Object {
      "width": "400px",
    }
  }
>
  <div>
    <div
      style={
        Object {
          "marginBottom": "20px",
        }
      }
    >
      <label>
        Description: 
      </label>
      <input
        className="text-input-custom"
        maxLength={64}
        onChange={[Function]}
        type="text"
      />
    </div>
    <div>
      <label>
        Note: 
      </label>
      <textarea
        className="text-input-custom"
        onChange={[Function]}
        rows="5"
        type="text"
      />
    </div>
    <div
      style={
        Object {
          "marginTop": "10px",
        }
      }
    >
      <p>
        User:
        <strong>
           PathPoint
        </strong>
      </p>
    </div>
  </div>
  <div
    id="upload-file-submit"
    style={
      Object {
        "display": "flex",
        "justifyContent": "center",
        "marginTop": "30px",
      }
    }
  >
    <button
      className="btn btn-default"
      color="primary"
      disabled={true}
      onClick={[Function]}
      style={
        Object {
          "background": "#0178bf",
          "color": "white",
          "marginRight": "20px",
        }
      }
      type="submit"
      variant="contained"
    >
      <img
        src="SvgrURL"
        style={
          Object {
            "height": "auto",
            "marginRight": "4px",
            "width": "16px",
          }
        }
      />
      From File
    </button>
    <div
      style={
        Object {
          "position": "relative",
        }
      }
    >
      <button
        className="btn btn-default"
        color="primary"
        disabled={false}
        onClick={[MockFunction]}
        style={
          Object {
            "background": "#0178bf",
            "color": "white",
          }
        }
        type="button"
        variant="contained"
      >
        <img
          src="SvgrURL"
          style={
            Object {
              "marginRight": "4px",
            }
          }
        />
        From History
      </button>
    </div>
  </div>
  <input
    accept=".json"
    id="file-upload"
    onChange={[Function]}
    style={
      Object {
        "display": "none",
      }
    }
    type="file"
  />
</div>
`;
