// Jest Snapshot v1, https://goo.gl/fbAQLP

exports[`TuneFormModal component Render body with default data 1`] = `
<div
  style={
    Object {
      "width": "auto",
    }
  }
>
  <form
    className=""
    onSubmit={[Function]}
  >
    <div
      style={
        Object {
          "display": "flex",
          "justifyContent": "end",
          "marginBottom": "1px",
        }
      }
    >
      <div
        style={
          Object {
            "display": "flex",
            "flexDirection": "row",
            "width": "47%",
          }
        }
      >
        <div
          style={
            Object {
              "display": "flex",
              "justifyContent": "center",
              "width": "60%",
            }
          }
        >
          <label
            className="headerSubtitleTune"
          >
            Configured
          </label>
        </div>
        <div
          style={
            Object {
              "display": "flex",
              "justifyContent": "center",
              "width": "40%",
            }
          }
        >
          <label
            className="headerSubtitleTune"
          >
            Last 5 min
          </label>
        </div>
      </div>
    </div>
    <div
      style={
        Object {
          "display": "flex",
          "justifyContent": "flex-end",
        }
      }
    >
      <button
        className="btn btn-default"
        color="primary"
        disabled={false}
        style={
          Object {
            "background": "#0178bf",
            "color": "white",
          }
        }
        type="submit"
        variant="contained"
      >
        Save / Update
      </button>
    </div>
  </form>
</div>
`;

exports[`TuneFormModal component Render header with default data 1`] = `
<div
  style={
    Object {
      "display": "flex",
    }
  }
>
  <div
    className="titleModal"
  >
    touchpoint one
  </div>
</div>
`;
